1,0-1,4:            NL             ''             
1,0-1,0:            ENDMARKER      ''             
